ОШИБКА [SYN-105]: Ожидалось выражение, получен ';'
Файл:tests/parser/invalid/syntax_errors/empty_statement.src
Строка:2, позиция:5
Код:    ;;
        ^
Подсказка:Проверьте синтаксис кода

ОШИБКА [SYN-105]: Ожидалось выражение, получен ';'
Файл:tests/parser/invalid/syntax_errors/empty_statement.src
Строка:2, позиция:5
Код:    ;;
        ^
Подсказка:Проверьте синтаксис кода

ОШИБКА [SYN-105]: Ожидалось выражение, получен ';'
Файл:tests/parser/invalid/syntax_errors/empty_statement.src
Строка:2, позиция:6
Код:    ;;
         ^
Подсказка:Проверьте синтаксис кода

ОШИБКА [SYN-105]: Ожидалось выражение, получен ';'
Файл:tests/parser/invalid/syntax_errors/empty_statement.src
Строка:2, позиция:6
Код:    ;;
         ^
Подсказка:Проверьте синтаксис кода

Всего ошибок: 4