ОШИБКА [SYN-109]: Незакрытый блок (ожидается '}')
Файл:tests/parser/invalid/syntax_errors/unclosed_brace.src
Строка:3, позиция:16
Код:    if (x > 0) {
                   ^
Подсказка:Проверьте, что все блоки кода закрыты '}'

ОШИБКА [SYN-109]: Незакрытый блок (ожидается '}')
Файл:tests/parser/invalid/syntax_errors/unclosed_brace.src
Строка:1, позиция:11
Код:fn test() {
              ^
Подсказка:Проверьте, что все блоки кода закрыты '}'

Всего ошибок: 2