ОШИБКА [LEX-001]: Недопустимый символ: '@' (код: 64)
Файл:tests/parser/invalid/syntax_errors/unexpected_token.src
Строка:2, позиция:15
Код:    int x = 5 @ 3;
                  ^
Подсказка:Удалите или замените недопустимый символ

ОШИБКА [SYN-100]: Пропущена точка с запятой перед '@'
Файл:tests/parser/invalid/syntax_errors/unexpected_token.src
Строка:2, позиция:15
Код:    int x = 5 @ 3;
                  ^
Подсказка:Добавьте ';' в конце оператора

ОШИБКА [SYN-105]: Ожидалось выражение, получен '@'
Файл:tests/parser/invalid/syntax_errors/unexpected_token.src
Строка:2, позиция:15
Код:    int x = 5 @ 3;
                  ^
Подсказка:Проверьте синтаксис кода

ОШИБКА [SYN-105]: Ожидалось выражение, получен '@'
Файл:tests/parser/invalid/syntax_errors/unexpected_token.src
Строка:2, позиция:15
Код:    int x = 5 @ 3;
                  ^
Подсказка:Проверьте синтаксис кода

ОШИБКА [SYN-109]: Незакрытый блок (ожидается '}')
Файл:tests/parser/invalid/syntax_errors/unexpected_token.src
Строка:1, позиция:11
Код:fn test() {
              ^
Подсказка:Проверьте, что все блоки кода закрыты '}'

Всего ошибок: 5