ОШИБКА [GEN-400]: Необъявленный идентификатор 'z'
Файл:tests/ir/invalid/undeclared_variable.mini
Строка:3, позиция:17
Код:    int y = x + z;  // Ошибка: z не объявлена
                ^
Подсказка:Проверьте синтаксис кода

ОШИБКА [GEN-400]: Несовместимые типы при инициализации: 'int = error'
Файл:tests/ir/invalid/undeclared_variable.mini
Строка:3, позиция:9
Код:    int y = x + z;  // Ошибка: z не объявлена
        ^
Подсказка:Проверьте синтаксис кода

