ОШИБКА [GEN-400]: Арифметический оператор требует числовые типы, получены: int и bool
Файл:tests/ir/invalid/wrong_operator_types.mini
Строка:4, позиция:15
Код:    int c = a + b;  // Ошибка: int + bool
              ^
Подсказка:Проверьте синтаксис кода

ОШИБКА [GEN-400]: Несовместимые типы при инициализации: 'int = error'
Файл:tests/ir/invalid/wrong_operator_types.mini
Строка:4, позиция:9
Код:    int c = a + b;  // Ошибка: int + bool
        ^
Подсказка:Проверьте синтаксис кода

