Program [line 1]
  StructDecl: Point [line 1]
    Fields:
      VarDecl: int x [line 2]
      VarDecl: int y [line 3]
  StructDecl: Rectangle [line 6]
    Fields:
      VarDecl: struct Point topLeft [line 7]
      VarDecl: struct Point bottomRight [line 8]
  FunctionDecl: void main [line 11]
    Block [line 11]
      VarDecl: struct Point p [line 12]
      ExprStmt [line 13]
        BinaryOp: = [line 13]
          MemberAccess: .x [line 13]
            Identifier: p [line 13]
          Literal: 10 [line 13]
      ExprStmt [line 14]
        BinaryOp: = [line 14]
          MemberAccess: .y [line 14]
            Identifier: p [line 14]
          Literal: 20 [line 14]
      ReturnStmt [line 15]
        Literal: 0 [line 15]
