Program [line 1]
  FunctionDecl: void test [line 1]
    Parameters:
      int x
    Block [line 1]
      IfStmt [line 2]
        Condition:
          BinaryOp: > [line 2]
            Identifier: x [line 2]
            Literal: 0 [line 2]
        Then:
          Block [line 2]
            ReturnStmt [line 3]
              Identifier: x [line 3]
      IfStmt [line 6]
        Condition:
          BinaryOp: < [line 6]
            Identifier: x [line 6]
            Literal: 0 [line 6]
        Then:
          Block [line 6]
            ReturnStmt [line 7]
              UnaryOp: - [line 7]
                Identifier: x [line 7]
        Else:
          Block [line 8]
            ReturnStmt [line 9]
              Literal: 0 [line 9]
