ОШИБКА [GEN-400]: Необъявленный идентификатор 'x'
Файл:tests/semantic/invalid/undeclared_variable/use.src
Строка:2, позиция:5
Код:    x = 5;
    ^
Подсказка:Проверьте синтаксис кода

ОШИБКА [GEN-400]: Необъявленный идентификатор 'x'
Файл:tests/semantic/invalid/undeclared_variable/use.src
Строка:3, позиция:12
Код:    return x;
           ^
Подсказка:Проверьте синтаксис кода

Всего ошибок:2
