Program [line 1]
  FunctionDecl: void test [line 1]
    Block [line 1]
      VarDecl: int a [line 2]
        Initializer:
          BinaryOp: + [line 2]
            Literal: 1 [line 2]
            Literal: 2 [line 2]
      VarDecl: int b [line 3]
        Initializer:
          BinaryOp: - [line 3]
            Literal: 3 [line 3]
            Literal: 4 [line 3]
      VarDecl: int c [line 4]
        Initializer:
          BinaryOp: * [line 4]
            Literal: 5 [line 4]
            Literal: 6 [line 4]
      VarDecl: int d [line 5]
        Initializer:
          BinaryOp: / [line 5]
            Literal: 8 [line 5]
            Literal: 2 [line 5]
      VarDecl: int e [line 6]
        Initializer:
          BinaryOp: % [line 6]
            Literal: 10 [line 6]
            Literal: 3 [line 6]
      VarDecl: int f [line 7]
        Initializer:
          BinaryOp: * [line 7]
            BinaryOp: + [line 7]
              Literal: 1 [line 7]
              Literal: 2 [line 7]
            Literal: 3 [line 7]
      VarDecl: int g [line 8]
        Initializer:
          UnaryOp: - [line 8]
            Literal: 5 [line 8]
