Program [line 1]
  FunctionDecl: void test [line 1]
    Block [line 1]
      VarDecl: bool a [line 2]
        Initializer:
          BinaryOp: && [line 2]
            Literal: true [line 2]
            Literal: false [line 2]
      VarDecl: bool b [line 3]
        Initializer:
          BinaryOp: || [line 3]
            Literal: true [line 3]
            Literal: false [line 3]
      VarDecl: bool c [line 4]
        Initializer:
          UnaryOp: ! [line 4]
            Literal: true [line 4]
      VarDecl: bool d [line 5]
        Initializer:
          BinaryOp: || [line 5]
            BinaryOp: && [line 5]
              BinaryOp: > [line 5]
                Literal: 5 [line 5]
                Literal: 3 [line 5]
              BinaryOp: < [line 5]
                Literal: 10 [line 5]
                Literal: 20 [line 5]
            UnaryOp: ! [line 5]
              Literal: false [line 5]
